node_modules/next/dist/build/templates/app-page.d.ts(3,25): error TS2307: Cannot find module 'VAR_MODULE_GLOBAL_ERROR' or its corresponding type declarations.
node_modules/next/dist/build/webpack-config.d.ts(10,104): error TS2694: Namespace '"/home/ubuntu/FGStore/fg-store/node_modules/next/dist/compiled/webpack/webpack".webpack' has no exported member 'RuleSetUseItem'.
node_modules/next/dist/build/webpack/loaders/next-app-loader/index.d.ts(1,13): error TS2613: Module '"/home/ubuntu/FGStore/fg-store/node_modules/next/dist/compiled/webpack/webpack"' has no default export. Did you mean to use 'import { webpack } from "/home/ubuntu/FGStore/fg-store/node_modules/next/dist/compiled/webpack/webpack"' instead?
node_modules/next/dist/client/components/error-boundary.d.ts(1,8): error TS1259: Module '"/home/ubuntu/FGStore/fg-store/node_modules/@types/react/index"' can only be default-imported using the 'esModuleInterop' flag
node_modules/next/dist/client/components/http-access-fallback/error-boundary.d.ts(11,8): error TS1259: Module '"/home/ubuntu/FGStore/fg-store/node_modules/@types/react/index"' can only be default-imported using the 'esModuleInterop' flag
node_modules/next/dist/client/components/layout-router.d.ts(2,8): error TS1259: Module '"/home/ubuntu/FGStore/fg-store/node_modules/@types/react/index"' can only be default-imported using the 'esModuleInterop' flag
node_modules/next/dist/client/link.d.ts(1,8): error TS1259: Module '"/home/ubuntu/FGStore/fg-store/node_modules/@types/react/index"' can only be default-imported using the 'esModuleInterop' flag
node_modules/next/dist/client/with-router.d.ts(1,8): error TS1259: Module '"/home/ubuntu/FGStore/fg-store/node_modules/@types/react/index"' can only be default-imported using the 'esModuleInterop' flag
node_modules/next/dist/lib/metadata/metadata.d.ts(1,8): error TS1259: Module '"/home/ubuntu/FGStore/fg-store/node_modules/@types/react/index"' can only be default-imported using the 'esModuleInterop' flag
node_modules/next/dist/next-devtools/userspace/pages/pages-dev-overlay-setup.d.ts(1,8): error TS1259: Module '"/home/ubuntu/FGStore/fg-store/node_modules/@types/react/index"' can only be default-imported using the 'esModuleInterop' flag
node_modules/next/dist/server/app-render/entry-base.d.ts(1,114): error TS2307: Cannot find module 'react-server-dom-webpack/server' or its corresponding type declarations.
node_modules/next/dist/server/app-render/entry-base.d.ts(2,27): error TS2307: Cannot find module 'react-server-dom-webpack/static' or its corresponding type declarations.
node_modules/next/dist/server/web/spec-extension/adapters/headers.d.ts(39,16): error TS2304: Cannot find name 'HeadersIterator'.
node_modules/next/dist/server/web/spec-extension/adapters/headers.d.ts(40,13): error TS2304: Cannot find name 'HeadersIterator'.
node_modules/next/dist/server/web/spec-extension/adapters/headers.d.ts(41,15): error TS2304: Cannot find name 'HeadersIterator'.
node_modules/next/dist/server/web/spec-extension/adapters/headers.d.ts(42,26): error TS2304: Cannot find name 'HeadersIterator'.
node_modules/next/dist/shared/lib/app-router-context.shared-runtime.d.ts(4,8): error TS1259: Module '"/home/ubuntu/FGStore/fg-store/node_modules/@types/react/index"' can only be default-imported using the 'esModuleInterop' flag
node_modules/next/dist/shared/lib/app-router-types.d.ts(8,13): error TS1259: Module '"/home/ubuntu/FGStore/fg-store/node_modules/@types/react/index"' can only be default-imported using the 'esModuleInterop' flag
node_modules/next/dist/shared/lib/head-manager-context.shared-runtime.d.ts(1,8): error TS1259: Module '"/home/ubuntu/FGStore/fg-store/node_modules/@types/react/index"' can only be default-imported using the 'esModuleInterop' flag
node_modules/next/dist/shared/lib/image-config-context.shared-runtime.d.ts(1,8): error TS1259: Module '"/home/ubuntu/FGStore/fg-store/node_modules/@types/react/index"' can only be default-imported using the 'esModuleInterop' flag
node_modules/next/dist/shared/lib/loadable-context.shared-runtime.d.ts(1,8): error TS1259: Module '"/home/ubuntu/FGStore/fg-store/node_modules/@types/react/index"' can only be default-imported using the 'esModuleInterop' flag
node_modules/next/dist/shared/lib/loadable.shared-runtime.d.ts(21,8): error TS1259: Module '"/home/ubuntu/FGStore/fg-store/node_modules/@types/react/index"' can only be default-imported using the 'esModuleInterop' flag
node_modules/next/dist/shared/lib/router-context.shared-runtime.d.ts(1,8): error TS1259: Module '"/home/ubuntu/FGStore/fg-store/node_modules/@types/react/index"' can only be default-imported using the 'esModuleInterop' flag
node_modules/next/dist/shared/lib/server-inserted-html.shared-runtime.d.ts(1,8): error TS1259: Module '"/home/ubuntu/FGStore/fg-store/node_modules/@types/react/index"' can only be default-imported using the 'esModuleInterop' flag
node_modules/next/dist/shared/lib/utils.d.ts(10,13): error TS1192: Module '"fs"' has no default export.
src/app/stock-movement/page.tsx(36,47): error TS2307: Cannot find module '@/types' or its corresponding type declarations.
src/app/stock-movement/page.tsx(37,75): error TS2307: Cannot find module '@/components/ui/card' or its corresponding type declarations.
src/app/stock-movement/page.tsx(38,24): error TS2307: Cannot find module '@/components/ui/button' or its corresponding type declarations.
src/app/stock-movement/page.tsx(39,23): error TS2307: Cannot find module '@/components/ui/badge' or its corresponding type declarations.
src/app/stock-movement/page.tsx(40,79): error TS2307: Cannot find module '@/components/ui/table' or its corresponding type declarations.
src/app/stock-movement/page.tsx(41,23): error TS2307: Cannot find module '@/components/ui/input' or its corresponding type declarations.
src/app/stock-movement/page.tsx(42,24): error TS2307: Cannot find module '@/components/ui/select' or its corresponding type declarations.
src/app/stock-movement/page.tsx(497,25): error TS17004: Cannot use JSX unless the '--jsx' flag is provided.
src/app/stock-movement/page.tsx(497,102): error TS17004: Cannot use JSX unless the '--jsx' flag is provided.
src/app/stock-movement/page.tsx(501,9): error TS17004: Cannot use JSX unless the '--jsx' flag is provided.
src/app/stock-movement/page.tsx(503,13): error TS17004: Cannot use JSX unless the '--jsx' flag is provided.
src/app/stock-movement/page.tsx(504,17): error TS17004: Cannot use JSX unless the '--jsx' flag is provided.
src/app/stock-movement/page.tsx(505,21): error TS17004: Cannot use JSX unless the '--jsx' flag is provided.
src/app/stock-movement/page.tsx(506,25): error TS17004: Cannot use JSX unless the '--jsx' flag is provided.
src/app/stock-movement/page.tsx(507,29): error TS17004: Cannot use JSX unless the '--jsx' flag is provided.
src/app/stock-movement/page.tsx(508,33): error TS17004: Cannot use JSX unless the '--jsx' flag is provided.
src/app/stock-movement/page.tsx(511,25): error TS17004: Cannot use JSX unless the '--jsx' flag is provided.
src/app/stock-movement/page.tsx(512,29): error TS17004: Cannot use JSX unless the '--jsx' flag is provided.
src/app/stock-movement/page.tsx(513,33): error TS17004: Cannot use JSX unless the '--jsx' flag is provided.
src/app/stock-movement/page.tsx(515,29): error TS17004: Cannot use JSX unless the '--jsx' flag is provided.
src/app/stock-movement/page.tsx(518,21): error TS17004: Cannot use JSX unless the '--jsx' flag is provided.
src/app/stock-movement/page.tsx(519,25): error TS17004: Cannot use JSX unless the '--jsx' flag is provided.
src/app/stock-movement/page.tsx(520,29): error TS17004: Cannot use JSX unless the '--jsx' flag is provided.
src/app/stock-movement/page.tsx(521,29): error TS17004: Cannot use JSX unless the '--jsx' flag is provided.
src/app/stock-movement/page.tsx(523,25): error TS17004: Cannot use JSX unless the '--jsx' flag is provided.
src/app/stock-movement/page.tsx(524,29): error TS17004: Cannot use JSX unless the '--jsx' flag is provided.
src/app/stock-movement/page.tsx(531,13): error TS17004: Cannot use JSX unless the '--jsx' flag is provided.
src/app/stock-movement/page.tsx(532,17): error TS17004: Cannot use JSX unless the '--jsx' flag is provided.
src/app/stock-movement/page.tsx(534,21): error TS17004: Cannot use JSX unless the '--jsx' flag is provided.
src/app/stock-movement/page.tsx(535,25): error TS17004: Cannot use JSX unless the '--jsx' flag is provided.
src/app/stock-movement/page.tsx(536,29): error TS17004: Cannot use JSX unless the '--jsx' flag is provided.
src/app/stock-movement/page.tsx(537,33): error TS17004: Cannot use JSX unless the '--jsx' flag is provided.
src/app/stock-movement/page.tsx(538,37): error TS17004: Cannot use JSX unless the '--jsx' flag is provided.
src/app/stock-movement/page.tsx(539,37): error TS17004: Cannot use JSX unless the '--jsx' flag is provided.
src/app/stock-movement/page.tsx(541,33): error TS17004: Cannot use JSX unless the '--jsx' flag is provided.
src/app/stock-movement/page.tsx(542,37): error TS17004: Cannot use JSX unless the '--jsx' flag is provided.
src/app/stock-movement/page.tsx(543,41): error TS17004: Cannot use JSX unless the '--jsx' flag is provided.
src/app/stock-movement/page.tsx(545,37): error TS17004: Cannot use JSX unless the '--jsx' flag is provided.
src/app/stock-movement/page.tsx(546,41): error TS17004: Cannot use JSX unless the '--jsx' flag is provided.
src/app/stock-movement/page.tsx(548,37): error TS17004: Cannot use JSX unless the '--jsx' flag is provided.
src/app/stock-movement/page.tsx(549,41): error TS17004: Cannot use JSX unless the '--jsx' flag is provided.
src/app/stock-movement/page.tsx(551,37): error TS17004: Cannot use JSX unless the '--jsx' flag is provided.
src/app/stock-movement/page.tsx(552,41): error TS17004: Cannot use JSX unless the '--jsx' flag is provided.
src/app/stock-movement/page.tsx(554,37): error TS17004: Cannot use JSX unless the '--jsx' flag is provided.
src/app/stock-movement/page.tsx(555,41): error TS17004: Cannot use JSX unless the '--jsx' flag is provided.
src/app/stock-movement/page.tsx(557,37): error TS17004: Cannot use JSX unless the '--jsx' flag is provided.
src/app/stock-movement/page.tsx(558,41): error TS17004: Cannot use JSX unless the '--jsx' flag is provided.
src/app/stock-movement/page.tsx(560,37): error TS17004: Cannot use JSX unless the '--jsx' flag is provided.
src/app/stock-movement/page.tsx(561,41): error TS17004: Cannot use JSX unless the '--jsx' flag is provided.
src/app/stock-movement/page.tsx(570,25): error TS17004: Cannot use JSX unless the '--jsx' flag is provided.
src/app/stock-movement/page.tsx(571,29): error TS17004: Cannot use JSX unless the '--jsx' flag is provided.
src/app/stock-movement/page.tsx(572,33): error TS17004: Cannot use JSX unless the '--jsx' flag is provided.
src/app/stock-movement/page.tsx(573,37): error TS17004: Cannot use JSX unless the '--jsx' flag is provided.
src/app/stock-movement/page.tsx(577,29): error TS17004: Cannot use JSX unless the '--jsx' flag is provided.
src/app/stock-movement/page.tsx(578,33): error TS17004: Cannot use JSX unless the '--jsx' flag is provided.
src/app/stock-movement/page.tsx(579,37): error TS17004: Cannot use JSX unless the '--jsx' flag is provided.
src/app/stock-movement/page.tsx(580,41): error TS17004: Cannot use JSX unless the '--jsx' flag is provided.
src/app/stock-movement/page.tsx(581,45): error TS17004: Cannot use JSX unless the '--jsx' flag is provided.
src/app/stock-movement/page.tsx(582,49): error TS17004: Cannot use JSX unless the '--jsx' flag is provided.
src/app/stock-movement/page.tsx(583,49): error TS17004: Cannot use JSX unless the '--jsx' flag is provided.
src/app/stock-movement/page.tsx(584,49): error TS17004: Cannot use JSX unless the '--jsx' flag is provided.
src/app/stock-movement/page.tsx(585,49): error TS17004: Cannot use JSX unless the '--jsx' flag is provided.
src/app/stock-movement/page.tsx(586,49): error TS17004: Cannot use JSX unless the '--jsx' flag is provided.
src/app/stock-movement/page.tsx(588,53): error TS17004: Cannot use JSX unless the '--jsx' flag is provided.
src/app/stock-movement/page.tsx(592,41): error TS17004: Cannot use JSX unless the '--jsx' flag is provided.
src/app/stock-movement/page.tsx(594,49): error TS17004: Cannot use JSX unless the '--jsx' flag is provided.
src/app/stock-movement/page.tsx(595,53): error TS17004: Cannot use JSX unless the '--jsx' flag is provided.
src/app/stock-movement/page.tsx(598,53): error TS17004: Cannot use JSX unless the '--jsx' flag is provided.
src/app/stock-movement/page.tsx(599,57): error TS17004: Cannot use JSX unless the '--jsx' flag is provided.
src/app/stock-movement/page.tsx(603,53): error TS17004: Cannot use JSX unless the '--jsx' flag is provided.
src/app/stock-movement/page.tsx(604,57): error TS17004: Cannot use JSX unless the '--jsx' flag is provided.
src/app/stock-movement/page.tsx(604,100): error TS17004: Cannot use JSX unless the '--jsx' flag is provided.
src/app/stock-movement/page.tsx(605,57): error TS17004: Cannot use JSX unless the '--jsx' flag is provided.
src/app/stock-movement/page.tsx(606,57): error TS17004: Cannot use JSX unless the '--jsx' flag is provided.
src/app/stock-movement/page.tsx(612,53): error TS17004: Cannot use JSX unless the '--jsx' flag is provided.
src/app/stock-movement/page.tsx(613,53): error TS17004: Cannot use JSX unless the '--jsx' flag is provided.
src/app/stock-movement/page.tsx(615,57): error TS17004: Cannot use JSX unless the '--jsx' flag is provided.
src/app/stock-movement/page.tsx(616,61): error TS17004: Cannot use JSX unless the '--jsx' flag is provided.
src/app/stock-movement/page.tsx(618,69): error TS17004: Cannot use JSX unless the '--jsx' flag is provided.
src/app/stock-movement/page.tsx(624,73): error TS17004: Cannot use JSX unless the '--jsx' flag is provided.
src/app/stock-movement/page.tsx(627,69): error TS17004: Cannot use JSX unless the '--jsx' flag is provided.
src/app/stock-movement/page.tsx(628,73): error TS17004: Cannot use JSX unless the '--jsx' flag is provided.
src/app/stock-movement/page.tsx(635,77): error TS17004: Cannot use JSX unless the '--jsx' flag is provided.
src/app/stock-movement/page.tsx(637,73): error TS17004: Cannot use JSX unless the '--jsx' flag is provided.
src/app/stock-movement/page.tsx(643,77): error TS17004: Cannot use JSX unless the '--jsx' flag is provided.
src/app/stock-movement/page.tsx(645,73): error TS17004: Cannot use JSX unless the '--jsx' flag is provided.
src/app/stock-movement/page.tsx(652,77): error TS17004: Cannot use JSX unless the '--jsx' flag is provided.
src/app/stock-movement/page.tsx(669,21): error TS17004: Cannot use JSX unless the '--jsx' flag is provided.
src/app/stock-movement/page.tsx(670,25): error TS17004: Cannot use JSX unless the '--jsx' flag is provided.
src/app/stock-movement/page.tsx(671,29): error TS17004: Cannot use JSX unless the '--jsx' flag is provided.
src/app/stock-movement/page.tsx(679,29): error TS17004: Cannot use JSX unless the '--jsx' flag is provided.
src/app/stock-movement/page.tsx(691,25): error TS17004: Cannot use JSX unless the '--jsx' flag is provided.
src/app/stock-movement/page.tsx(693,29): error TS17004: Cannot use JSX unless the '--jsx' flag is provided.
src/app/stock-movement/page.tsx(694,33): error TS17004: Cannot use JSX unless the '--jsx' flag is provided.
src/app/stock-movement/page.tsx(695,37): error TS17004: Cannot use JSX unless the '--jsx' flag is provided.
src/app/stock-movement/page.tsx(696,37): error TS17004: Cannot use JSX unless the '--jsx' flag is provided.
src/app/stock-movement/page.tsx(698,33): error TS17004: Cannot use JSX unless the '--jsx' flag is provided.
src/app/stock-movement/page.tsx(700,41): error TS17004: Cannot use JSX unless the '--jsx' flag is provided.
src/app/stock-movement/page.tsx(701,45): error TS17004: Cannot use JSX unless the '--jsx' flag is provided.
src/app/stock-movement/page.tsx(702,45): error TS17004: Cannot use JSX unless the '--jsx' flag is provided.
src/app/stock-movement/page.tsx(705,41): error TS17004: Cannot use JSX unless the '--jsx' flag is provided.
src/app/stock-movement/page.tsx(706,45): error TS17004: Cannot use JSX unless the '--jsx' flag is provided.
src/app/stock-movement/page.tsx(707,49): error TS17004: Cannot use JSX unless the '--jsx' flag is provided.
src/app/stock-movement/page.tsx(708,53): error TS17004: Cannot use JSX unless the '--jsx' flag is provided.
src/app/stock-movement/page.tsx(709,57): error TS17004: Cannot use JSX unless the '--jsx' flag is provided.
src/app/stock-movement/page.tsx(710,57): error TS17004: Cannot use JSX unless the '--jsx' flag is provided.
src/app/stock-movement/page.tsx(711,57): error TS17004: Cannot use JSX unless the '--jsx' flag is provided.
src/app/stock-movement/page.tsx(714,49): error TS17004: Cannot use JSX unless the '--jsx' flag is provided.
src/app/stock-movement/page.tsx(716,57): error TS17004: Cannot use JSX unless the '--jsx' flag is provided.
src/app/stock-movement/page.tsx(717,61): error TS17004: Cannot use JSX unless the '--jsx' flag is provided.
src/app/stock-movement/page.tsx(717,72): error TS17004: Cannot use JSX unless the '--jsx' flag is provided.
src/app/stock-movement/page.tsx(718,61): error TS17004: Cannot use JSX unless the '--jsx' flag is provided.
src/app/stock-movement/page.tsx(719,65): error TS17004: Cannot use JSX unless the '--jsx' flag is provided.
src/app/stock-movement/page.tsx(720,65): error TS17004: Cannot use JSX unless the '--jsx' flag is provided.
src/app/stock-movement/page.tsx(722,61): error TS17004: Cannot use JSX unless the '--jsx' flag is provided.
src/app/stock-movement/page.tsx(733,29): error TS17004: Cannot use JSX unless the '--jsx' flag is provided.
src/app/stock-movement/page.tsx(734,33): error TS17004: Cannot use JSX unless the '--jsx' flag is provided.
src/app/stock-movement/page.tsx(735,37): error TS17004: Cannot use JSX unless the '--jsx' flag is provided.
src/app/stock-movement/page.tsx(736,41): error TS17004: Cannot use JSX unless the '--jsx' flag is provided.
src/app/stock-movement/page.tsx(737,45): error TS17004: Cannot use JSX unless the '--jsx' flag is provided.
src/app/stock-movement/page.tsx(738,45): error TS17004: Cannot use JSX unless the '--jsx' flag is provided.
src/app/stock-movement/page.tsx(742,37): error TS17004: Cannot use JSX unless the '--jsx' flag is provided.
src/app/stock-movement/page.tsx(743,41): error TS17004: Cannot use JSX unless the '--jsx' flag is provided.
src/app/stock-movement/page.tsx(746,41): error TS17004: Cannot use JSX unless the '--jsx' flag is provided.
src/app/stock-movement/page.tsx(747,45): error TS17004: Cannot use JSX unless the '--jsx' flag is provided.
src/app/stock-movement/page.tsx(753,45): error TS17004: Cannot use JSX unless the '--jsx' flag is provided.
src/app/stock-movement/page.tsx(754,45): error TS17004: Cannot use JSX unless the '--jsx' flag is provided.
src/app/stock-movement/page.tsx(763,41): error TS17004: Cannot use JSX unless the '--jsx' flag is provided.
src/app/stock-movement/page.tsx(768,45): error TS17004: Cannot use JSX unless the '--jsx' flag is provided.
src/app/stock-movement/page.tsx(769,45): error TS17004: Cannot use JSX unless the '--jsx' flag is provided.
src/app/stock-movement/page.tsx(770,45): error TS17004: Cannot use JSX unless the '--jsx' flag is provided.
src/app/stock-movement/page.tsx(771,45): error TS17004: Cannot use JSX unless the '--jsx' flag is provided.
src/app/stock-movement/page.tsx(772,45): error TS17004: Cannot use JSX unless the '--jsx' flag is provided.
src/app/stock-movement/page.tsx(773,45): error TS17004: Cannot use JSX unless the '--jsx' flag is provided.
src/app/stock-movement/page.tsx(776,41): error TS17004: Cannot use JSX unless the '--jsx' flag is provided.
src/app/stock-movement/page.tsx(781,45): error TS17004: Cannot use JSX unless the '--jsx' flag is provided.
src/app/stock-movement/page.tsx(783,49): error TS17004: Cannot use JSX unless the '--jsx' flag is provided.
src/app/stock-movement/page.tsx(787,41): error TS17004: Cannot use JSX unless the '--jsx' flag is provided.
src/app/stock-movement/page.tsx(792,45): error TS17004: Cannot use JSX unless the '--jsx' flag is provided.
src/app/stock-movement/page.tsx(793,45): error TS17004: Cannot use JSX unless the '--jsx' flag is provided.
src/app/stock-movement/page.tsx(794,45): error TS17004: Cannot use JSX unless the '--jsx' flag is provided.
src/app/stock-movement/page.tsx(795,45): error TS17004: Cannot use JSX unless the '--jsx' flag is provided.
src/app/stock-movement/page.tsx(798,41): error TS17004: Cannot use JSX unless the '--jsx' flag is provided.
src/app/stock-movement/page.tsx(808,33): error TS17004: Cannot use JSX unless the '--jsx' flag is provided.
src/app/stock-movement/page.tsx(809,37): error TS17004: Cannot use JSX unless the '--jsx' flag is provided.
src/app/stock-movement/page.tsx(810,41): error TS17004: Cannot use JSX unless the '--jsx' flag is provided.
src/app/stock-movement/page.tsx(811,45): error TS17004: Cannot use JSX unless the '--jsx' flag is provided.
src/app/stock-movement/page.tsx(812,49): error TS17004: Cannot use JSX unless the '--jsx' flag is provided.
src/app/stock-movement/page.tsx(813,53): error TS17004: Cannot use JSX unless the '--jsx' flag is provided.
src/app/stock-movement/page.tsx(814,53): error TS17004: Cannot use JSX unless the '--jsx' flag is provided.
src/app/stock-movement/page.tsx(815,53): error TS17004: Cannot use JSX unless the '--jsx' flag is provided.
src/app/stock-movement/page.tsx(816,53): error TS17004: Cannot use JSX unless the '--jsx' flag is provided.
src/app/stock-movement/page.tsx(817,53): error TS17004: Cannot use JSX unless the '--jsx' flag is provided.
src/app/stock-movement/page.tsx(818,53): error TS17004: Cannot use JSX unless the '--jsx' flag is provided.
src/app/stock-movement/page.tsx(821,45): error TS17004: Cannot use JSX unless the '--jsx' flag is provided.
src/app/stock-movement/page.tsx(823,53): error TS17004: Cannot use JSX unless the '--jsx' flag is provided.
src/app/stock-movement/page.tsx(824,57): error TS17004: Cannot use JSX unless the '--jsx' flag is provided.
src/app/stock-movement/page.tsx(827,57): error TS17004: Cannot use JSX unless the '--jsx' flag is provided.
src/app/stock-movement/page.tsx(828,61): error TS17004: Cannot use JSX unless the '--jsx' flag is provided.
src/app/stock-movement/page.tsx(832,57): error TS17004: Cannot use JSX unless the '--jsx' flag is provided.
src/app/stock-movement/page.tsx(833,61): error TS17004: Cannot use JSX unless the '--jsx' flag is provided.
src/app/stock-movement/page.tsx(835,65): error TS17004: Cannot use JSX unless the '--jsx' flag is provided.
src/app/stock-movement/page.tsx(836,69): error TS17004: Cannot use JSX unless the '--jsx' flag is provided.
src/app/stock-movement/page.tsx(837,69): error TS17004: Cannot use JSX unless the '--jsx' flag is provided.
src/app/stock-movement/page.tsx(838,69): error TS17004: Cannot use JSX unless the '--jsx' flag is provided.
src/app/stock-movement/page.tsx(838,122): error TS17004: Cannot use JSX unless the '--jsx' flag is provided.
src/app/stock-movement/page.tsx(842,65): error TS17004: Cannot use JSX unless the '--jsx' flag is provided.
src/app/stock-movement/page.tsx(844,73): error TS17004: Cannot use JSX unless the '--jsx' flag is provided.
src/app/stock-movement/page.tsx(845,77): error TS17004: Cannot use JSX unless the '--jsx' flag is provided.
src/app/stock-movement/page.tsx(846,77): error TS17004: Cannot use JSX unless the '--jsx' flag is provided.
src/app/stock-movement/page.tsx(847,77): error TS17004: Cannot use JSX unless the '--jsx' flag is provided.
src/app/stock-movement/page.tsx(851,73): error TS17004: Cannot use JSX unless the '--jsx' flag is provided.
src/app/stock-movement/page.tsx(852,77): error TS17004: Cannot use JSX unless the '--jsx' flag is provided.
src/app/stock-movement/page.tsx(853,77): error TS17004: Cannot use JSX unless the '--jsx' flag is provided.
src/app/stock-movement/page.tsx(854,77): error TS17004: Cannot use JSX unless the '--jsx' flag is provided.
src/app/stock-movement/page.tsx(858,73): error TS17004: Cannot use JSX unless the '--jsx' flag is provided.
src/app/stock-movement/page.tsx(859,77): error TS17004: Cannot use JSX unless the '--jsx' flag is provided.
src/app/stock-movement/page.tsx(860,77): error TS17004: Cannot use JSX unless the '--jsx' flag is provided.
src/app/stock-movement/page.tsx(861,77): error TS17004: Cannot use JSX unless the '--jsx' flag is provided.
src/app/stock-movement/page.tsx(867,57): error TS17004: Cannot use JSX unless the '--jsx' flag is provided.
src/app/stock-movement/page.tsx(868,61): error TS17004: Cannot use JSX unless the '--jsx' flag is provided.
src/app/stock-movement/page.tsx(875,57): error TS17004: Cannot use JSX unless the '--jsx' flag is provided.
src/app/stock-movement/page.tsx(878,57): error TS17004: Cannot use JSX unless the '--jsx' flag is provided.
src/app/stock-movement/page.tsx(879,61): error TS17004: Cannot use JSX unless the '--jsx' flag is provided.
src/app/stock-movement/page.tsx(886,65): error TS17004: Cannot use JSX unless the '--jsx' flag is provided.
src/app/stock-movement/page.tsx(898,25): error TS17004: Cannot use JSX unless the '--jsx' flag is provided.
src/app/stock-movement/page.tsx(905,17): error TS17004: Cannot use JSX unless the '--jsx' flag is provided.
src/app/stock-movement/page.tsx(906,21): error TS17004: Cannot use JSX unless the '--jsx' flag is provided.
src/app/stock-movement/page.tsx(907,25): error TS17004: Cannot use JSX unless the '--jsx' flag is provided.
src/app/stock-movement/page.tsx(908,29): error TS17004: Cannot use JSX unless the '--jsx' flag is provided.
src/app/stock-movement/page.tsx(909,33): error TS17004: Cannot use JSX unless the '--jsx' flag is provided.
src/app/stock-movement/page.tsx(910,67): error TS17004: Cannot use JSX unless the '--jsx' flag is provided.
src/app/stock-movement/page.tsx(911,69): error TS17004: Cannot use JSX unless the '--jsx' flag is provided.
src/app/stock-movement/page.tsx(912,69): error TS17004: Cannot use JSX unless the '--jsx' flag is provided.
src/app/stock-movement/page.tsx(913,71): error TS17004: Cannot use JSX unless the '--jsx' flag is provided.
src/app/stock-movement/page.tsx(914,70): error TS17004: Cannot use JSX unless the '--jsx' flag is provided.
src/app/stock-movement/page.tsx(917,33): error TS17004: Cannot use JSX unless the '--jsx' flag is provided.
src/app/stock-movement/page.tsx(918,37): error TS17004: Cannot use JSX unless the '--jsx' flag is provided.
src/app/stock-movement/page.tsx(921,29): error TS17004: Cannot use JSX unless the '--jsx' flag is provided.
src/app/stock-movement/page.tsx(923,33): error TS17004: Cannot use JSX unless the '--jsx' flag is provided.
src/app/stock-movement/page.tsx(924,37): error TS17004: Cannot use JSX unless the '--jsx' flag is provided.
src/app/stock-movement/page.tsx(926,41): error TS17004: Cannot use JSX unless the '--jsx' flag is provided.
src/app/stock-movement/page.tsx(928,49): error TS17004: Cannot use JSX unless the '--jsx' flag is provided.
src/app/stock-movement/page.tsx(929,53): error TS17004: Cannot use JSX unless the '--jsx' flag is provided.
src/app/stock-movement/page.tsx(930,53): error TS17004: Cannot use JSX unless the '--jsx' flag is provided.
src/app/stock-movement/page.tsx(937,57): error TS17004: Cannot use JSX unless the '--jsx' flag is provided.
src/app/stock-movement/page.tsx(938,76): error TS17004: Cannot use JSX unless the '--jsx' flag is provided.
src/app/stock-movement/page.tsx(944,49): error TS17004: Cannot use JSX unless the '--jsx' flag is provided.
src/app/stock-movement/page.tsx(945,53): error TS17004: Cannot use JSX unless the '--jsx' flag is provided.
src/app/stock-movement/page.tsx(946,53): error TS17004: Cannot use JSX unless the '--jsx' flag is provided.
src/app/stock-movement/page.tsx(953,57): error TS17004: Cannot use JSX unless the '--jsx' flag is provided.
src/app/stock-movement/page.tsx(955,61): error TS17004: Cannot use JSX unless the '--jsx' flag is provided.
src/app/stock-movement/page.tsx(962,49): error TS17004: Cannot use JSX unless the '--jsx' flag is provided.
src/app/stock-movement/page.tsx(963,53): error TS17004: Cannot use JSX unless the '--jsx' flag is provided.
src/app/stock-movement/page.tsx(964,57): error TS17004: Cannot use JSX unless the '--jsx' flag is provided.
src/app/stock-movement/page.tsx(965,57): error TS17004: Cannot use JSX unless the '--jsx' flag is provided.
src/app/stock-movement/page.tsx(971,61): error TS17004: Cannot use JSX unless the '--jsx' flag is provided.
src/app/stock-movement/page.tsx(973,65): error TS17004: Cannot use JSX unless the '--jsx' flag is provided.
src/app/stock-movement/page.tsx(979,57): error TS17004: Cannot use JSX unless the '--jsx' flag is provided.
src/app/stock-movement/page.tsx(980,61): error TS17004: Cannot use JSX unless the '--jsx' flag is provided.
src/app/stock-movement/page.tsx(981,61): error TS17004: Cannot use JSX unless the '--jsx' flag is provided.
src/app/stock-movement/page.tsx(1000,65): error TS17004: Cannot use JSX unless the '--jsx' flag is provided.
src/app/stock-movement/page.tsx(1002,69): error TS17004: Cannot use JSX unless the '--jsx' flag is provided.
src/app/stock-movement/page.tsx(1011,57): error TS17004: Cannot use JSX unless the '--jsx' flag is provided.
src/app/stock-movement/page.tsx(1012,61): error TS17004: Cannot use JSX unless the '--jsx' flag is provided.
src/app/stock-movement/page.tsx(1013,61): error TS17004: Cannot use JSX unless the '--jsx' flag is provided.
src/app/stock-movement/page.tsx(1020,49): error TS17004: Cannot use JSX unless the '--jsx' flag is provided.
src/app/stock-movement/page.tsx(1021,53): error TS17004: Cannot use JSX unless the '--jsx' flag is provided.
src/app/stock-movement/page.tsx(1022,57): error TS17004: Cannot use JSX unless the '--jsx' flag is provided.
src/app/stock-movement/page.tsx(1023,57): error TS17004: Cannot use JSX unless the '--jsx' flag is provided.
src/app/stock-movement/page.tsx(1025,65): error TS17004: Cannot use JSX unless the '--jsx' flag is provided.
src/app/stock-movement/page.tsx(1027,65): error TS17004: Cannot use JSX unless the '--jsx' flag is provided.
src/app/stock-movement/page.tsx(1029,73): error TS17004: Cannot use JSX unless the '--jsx' flag is provided.
src/app/stock-movement/page.tsx(1030,77): error TS17004: Cannot use JSX unless the '--jsx' flag is provided.
src/app/stock-movement/page.tsx(1052,77): error TS17004: Cannot use JSX unless the '--jsx' flag is provided.
src/app/stock-movement/page.tsx(1053,77): error TS17004: Cannot use JSX unless the '--jsx' flag is provided.
src/app/stock-movement/page.tsx(1064,49): error TS17004: Cannot use JSX unless the '--jsx' flag is provided.
src/app/stock-movement/page.tsx(1065,53): error TS17004: Cannot use JSX unless the '--jsx' flag is provided.
src/app/stock-movement/page.tsx(1066,57): error TS17004: Cannot use JSX unless the '--jsx' flag is provided.
src/app/stock-movement/page.tsx(1067,61): error TS17004: Cannot use JSX unless the '--jsx' flag is provided.
src/app/stock-movement/page.tsx(1068,61): error TS17004: Cannot use JSX unless the '--jsx' flag is provided.
src/app/stock-movement/page.tsx(1069,65): error TS17004: Cannot use JSX unless the '--jsx' flag is provided.
src/app/stock-movement/page.tsx(1070,69): error TS17004: Cannot use JSX unless the '--jsx' flag is provided.
src/app/stock-movement/page.tsx(1080,69): error TS17004: Cannot use JSX unless the '--jsx' flag is provided.
src/app/stock-movement/page.tsx(1082,65): error TS17004: Cannot use JSX unless the '--jsx' flag is provided.
src/app/stock-movement/page.tsx(1083,69): error TS17004: Cannot use JSX unless the '--jsx' flag is provided.
src/app/stock-movement/page.tsx(1093,69): error TS17004: Cannot use JSX unless the '--jsx' flag is provided.
src/app/stock-movement/page.tsx(1098,57): error TS17004: Cannot use JSX unless the '--jsx' flag is provided.
src/app/stock-movement/page.tsx(1100,65): error TS17004: Cannot use JSX unless the '--jsx' flag is provided.
src/app/stock-movement/page.tsx(1101,69): error TS17004: Cannot use JSX unless the '--jsx' flag is provided.
src/app/stock-movement/page.tsx(1102,69): error TS17004: Cannot use JSX unless the '--jsx' flag is provided.
src/app/stock-movement/page.tsx(1114,73): error TS17004: Cannot use JSX unless the '--jsx' flag is provided.
src/app/stock-movement/page.tsx(1116,77): error TS17004: Cannot use JSX unless the '--jsx' flag is provided.
src/app/stock-movement/page.tsx(1121,61): error TS17004: Cannot use JSX unless the '--jsx' flag is provided.
src/app/stock-movement/page.tsx(1122,65): error TS17004: Cannot use JSX unless the '--jsx' flag is provided.
src/app/stock-movement/page.tsx(1125,65): error TS17004: Cannot use JSX unless the '--jsx' flag is provided.
src/app/stock-movement/page.tsx(1141,41): error TS17004: Cannot use JSX unless the '--jsx' flag is provided.
src/app/stock-movement/page.tsx(1143,49): error TS17004: Cannot use JSX unless the '--jsx' flag is provided.
src/app/stock-movement/page.tsx(1144,53): error TS17004: Cannot use JSX unless the '--jsx' flag is provided.
src/app/stock-movement/page.tsx(1145,57): error TS17004: Cannot use JSX unless the '--jsx' flag is provided.
src/app/stock-movement/page.tsx(1146,57): error TS17004: Cannot use JSX unless the '--jsx' flag is provided.
src/app/stock-movement/page.tsx(1152,61): error TS17004: Cannot use JSX unless the '--jsx' flag is provided.
src/app/stock-movement/page.tsx(1153,89): error TS17004: Cannot use JSX unless the '--jsx' flag is provided.
src/app/stock-movement/page.tsx(1156,53): error TS17004: Cannot use JSX unless the '--jsx' flag is provided.
src/app/stock-movement/page.tsx(1157,57): error TS17004: Cannot use JSX unless the '--jsx' flag is provided.
src/app/stock-movement/page.tsx(1158,57): error TS17004: Cannot use JSX unless the '--jsx' flag is provided.
src/app/stock-movement/page.tsx(1164,61): error TS17004: Cannot use JSX unless the '--jsx' flag is provided.
src/app/stock-movement/page.tsx(1165,93): error TS17004: Cannot use JSX unless the '--jsx' flag is provided.
src/app/stock-movement/page.tsx(1168,53): error TS17004: Cannot use JSX unless the '--jsx' flag is provided.
src/app/stock-movement/page.tsx(1169,57): error TS17004: Cannot use JSX unless the '--jsx' flag is provided.
src/app/stock-movement/page.tsx(1170,57): error TS17004: Cannot use JSX unless the '--jsx' flag is provided.
src/app/stock-movement/page.tsx(1176,61): error TS17004: Cannot use JSX unless the '--jsx' flag is provided.
src/app/stock-movement/page.tsx(1177,92): error TS17004: Cannot use JSX unless the '--jsx' flag is provided.
src/app/stock-movement/page.tsx(1180,53): error TS17004: Cannot use JSX unless the '--jsx' flag is provided.
src/app/stock-movement/page.tsx(1181,57): error TS17004: Cannot use JSX unless the '--jsx' flag is provided.
src/app/stock-movement/page.tsx(1182,57): error TS17004: Cannot use JSX unless the '--jsx' flag is provided.
src/app/stock-movement/page.tsx(1188,61): error TS17004: Cannot use JSX unless the '--jsx' flag is provided.
src/app/stock-movement/page.tsx(1189,90): error TS17004: Cannot use JSX unless the '--jsx' flag is provided.
src/app/stock-movement/page.tsx(1196,49): error TS17004: Cannot use JSX unless the '--jsx' flag is provided.
src/app/stock-movement/page.tsx(1197,53): error TS17004: Cannot use JSX unless the '--jsx' flag is provided.
src/app/stock-movement/page.tsx(1198,57): error TS17004: Cannot use JSX unless the '--jsx' flag is provided.
src/app/stock-movement/page.tsx(1199,61): error TS17004: Cannot use JSX unless the '--jsx' flag is provided.
src/app/stock-movement/page.tsx(1200,61): error TS17004: Cannot use JSX unless the '--jsx' flag is provided.
src/app/stock-movement/page.tsx(1202,57): error TS17004: Cannot use JSX unless the '--jsx' flag is provided.
src/app/stock-movement/page.tsx(1203,61): error TS17004: Cannot use JSX unless the '--jsx' flag is provided.
src/app/stock-movement/page.tsx(1204,61): error TS17004: Cannot use JSX unless the '--jsx' flag is provided.
src/app/stock-movement/page.tsx(1207,53): error TS17004: Cannot use JSX unless the '--jsx' flag is provided.
src/app/stock-movement/page.tsx(1208,57): error TS17004: Cannot use JSX unless the '--jsx' flag is provided.
src/app/stock-movement/page.tsx(1209,57): error TS17004: Cannot use JSX unless the '--jsx' flag is provided.
src/app/stock-movement/page.tsx(1215,61): error TS17004: Cannot use JSX unless the '--jsx' flag is provided.
src/app/stock-movement/page.tsx(1216,92): error TS17004: Cannot use JSX unless the '--jsx' flag is provided.
src/app/stock-movement/page.tsx(1223,49): error TS17004: Cannot use JSX unless the '--jsx' flag is provided.
src/app/stock-movement/page.tsx(1224,53): error TS17004: Cannot use JSX unless the '--jsx' flag is provided.
src/app/stock-movement/page.tsx(1235,57): error TS17004: Cannot use JSX unless the '--jsx' flag is provided.
src/app/stock-movement/page.tsx(1237,53): error TS17004: Cannot use JSX unless the '--jsx' flag is provided.
src/app/stock-movement/page.tsx(1238,57): error TS17004: Cannot use JSX unless the '--jsx' flag is provided.
src/app/stock-movement/page.tsx(1239,57): error TS17004: Cannot use JSX unless the '--jsx' flag is provided.
src/app/stock-movement/page.tsx(1247,49): error TS17004: Cannot use JSX unless the '--jsx' flag is provided.
src/app/stock-movement/page.tsx(1248,53): error TS17004: Cannot use JSX unless the '--jsx' flag is provided.
src/app/stock-movement/page.tsx(1249,53): error TS17004: Cannot use JSX unless the '--jsx' flag is provided.
src/app/stock-movement/page.tsx(1261,49): error TS17004: Cannot use JSX unless the '--jsx' flag is provided.
src/app/stock-movement/page.tsx(1262,53): error TS17004: Cannot use JSX unless the '--jsx' flag is provided.
src/app/stock-movement/page.tsx(1263,57): error TS17004: Cannot use JSX unless the '--jsx' flag is provided.
src/app/stock-movement/page.tsx(1265,53): error TS17004: Cannot use JSX unless the '--jsx' flag is provided.
src/app/stock-movement/page.tsx(1266,57): error TS17004: Cannot use JSX unless the '--jsx' flag is provided.
src/app/stock-movement/page.tsx(1280,57): error TS17004: Cannot use JSX unless the '--jsx' flag is provided.
src/app/stock-movement/page.tsx(1282,53): error TS17004: Cannot use JSX unless the '--jsx' flag is provided.
src/app/stock-movement/page.tsx(1284,61): error TS17004: Cannot use JSX unless the '--jsx' flag is provided.
src/app/stock-movement/page.tsx(1285,65): error TS17004: Cannot use JSX unless the '--jsx' flag is provided.
src/app/stock-movement/page.tsx(1286,65): error TS17004: Cannot use JSX unless the '--jsx' flag is provided.
src/app/stock-movement/page.tsx(1286,180): error TS17004: Cannot use JSX unless the '--jsx' flag is provided.
src/app/stock-movement/page.tsx(1296,33): error TS17004: Cannot use JSX unless the '--jsx' flag is provided.
src/app/stock-movement/page.tsx(1297,37): error TS17004: Cannot use JSX unless the '--jsx' flag is provided.
src/app/stock-movement/page.tsx(1300,37): error TS17004: Cannot use JSX unless the '--jsx' flag is provided.
src/app/stock-movement/page.tsx(1317,17): error TS17004: Cannot use JSX unless the '--jsx' flag is provided.
src/app/stock-movement/page.tsx(1318,49): error TS17004: Cannot use JSX unless the '--jsx' flag is provided.
src/app/stock-movement/page.tsx(1318,77): error TS17004: Cannot use JSX unless the '--jsx' flag is provided.
src/app/stock-movement/page.tsx(1372,9): error TS17004: Cannot use JSX unless the '--jsx' flag is provided.
src/app/stock-movement/page.tsx(1373,13): error TS17004: Cannot use JSX unless the '--jsx' flag is provided.
src/app/stock-movement/page.tsx(1374,17): error TS17004: Cannot use JSX unless the '--jsx' flag is provided.
src/app/stock-movement/page.tsx(1375,21): error TS17004: Cannot use JSX unless the '--jsx' flag is provided.
src/app/stock-movement/page.tsx(1376,25): error TS17004: Cannot use JSX unless the '--jsx' flag is provided.
src/app/stock-movement/page.tsx(1377,25): error TS17004: Cannot use JSX unless the '--jsx' flag is provided.
src/app/stock-movement/page.tsx(1379,21): error TS17004: Cannot use JSX unless the '--jsx' flag is provided.
src/app/stock-movement/page.tsx(1380,25): error TS17004: Cannot use JSX unless the '--jsx' flag is provided.
src/app/stock-movement/page.tsx(1381,29): error TS17004: Cannot use JSX unless the '--jsx' flag is provided.
src/app/stock-movement/page.tsx(1387,29): error TS17004: Cannot use JSX unless the '--jsx' flag is provided.
src/app/stock-movement/page.tsx(1388,29): error TS17004: Cannot use JSX unless the '--jsx' flag is provided.
src/app/stock-movement/page.tsx(1395,25): error TS17004: Cannot use JSX unless the '--jsx' flag is provided.
src/app/stock-movement/page.tsx(1396,29): error TS17004: Cannot use JSX unless the '--jsx' flag is provided.
src/app/stock-movement/page.tsx(1401,13): error TS17004: Cannot use JSX unless the '--jsx' flag is provided.
src/app/stock-movement/page.tsx(1403,21): error TS17004: Cannot use JSX unless the '--jsx' flag is provided.
src/app/stock-movement/page.tsx(1404,25): error TS17004: Cannot use JSX unless the '--jsx' flag is provided.
src/app/stock-movement/page.tsx(1407,21): error TS17004: Cannot use JSX unless the '--jsx' flag is provided.
src/app/stock-movement/page.tsx(1408,25): error TS17004: Cannot use JSX unless the '--jsx' flag is provided.
src/app/stock-movement/page.tsx(1409,29): error TS17004: Cannot use JSX unless the '--jsx' flag is provided.
src/app/stock-movement/page.tsx(1410,33): error TS17004: Cannot use JSX unless the '--jsx' flag is provided.
src/app/stock-movement/page.tsx(1411,33): error TS17004: Cannot use JSX unless the '--jsx' flag is provided.
src/app/stock-movement/page.tsx(1412,33): error TS17004: Cannot use JSX unless the '--jsx' flag is provided.
src/app/stock-movement/page.tsx(1413,33): error TS17004: Cannot use JSX unless the '--jsx' flag is provided.
src/app/stock-movement/page.tsx(1416,25): error TS17004: Cannot use JSX unless the '--jsx' flag is provided.
src/app/stock-movement/page.tsx(1418,33): error TS17004: Cannot use JSX unless the '--jsx' flag is provided.
src/app/stock-movement/page.tsx(1419,37): error TS17004: Cannot use JSX unless the '--jsx' flag is provided.
src/app/stock-movement/page.tsx(1420,37): error TS17004: Cannot use JSX unless the '--jsx' flag is provided.
src/app/stock-movement/page.tsx(1421,37): error TS17004: Cannot use JSX unless the '--jsx' flag is provided.
src/app/stock-movement/page.tsx(1422,37): error TS17004: Cannot use JSX unless the '--jsx' flag is provided.
src/app/stock-movement/page.tsx(1426,33): error TS17004: Cannot use JSX unless the '--jsx' flag is provided.
src/app/stock-movement/page.tsx(1427,37): error TS17004: Cannot use JSX unless the '--jsx' flag is provided.
